tests/test_health_log/test_cli.py::TestLogHealthInputValidation::test_sleep_quality_validation_range PASSED [ 17%]
tests/test_health_log/test_cli.py::TestLogHealthInputValidation::test_sleep_quality_max_validation PASSED [ 20%]
tests/test_health_log/test_cli.py::TestLogHealthInputValidation::test_post_run_rpe_validation_range PASSED [ 22%]
tests/test_health_log/test_cli.py::TestLogHealthInputValidation::test_asthma_symptoms_validation_range PASSED [ 24%]
tests/test_health_log/test_cli.py::TestLogHealthEdgeCases::test_optional_fields_can_be_none PASSED [ 26%]
tests/test_health_log/test_cli.py::TestLogHealthEdgeCases::test_saba_use_boolean_flag PASSED [ 28%]
tests/test_health_log/test_cli.py::TestLogHealthEdgeCases::test_verbose_mode_shows_values PASSED [ 31%]
tests/test_health_log/test_cli.py::TestLogHealthEdgeCases::test_notes_optional_field PASSED [ 33%]
tests/test_health_log/test_cli.py::TestLogHealthErrorHandling::test_database_failure_exits_1 PASSED [ 35%]
tests/test_health_log/test_cli.py::TestLogHealthRunAssociation::test_associate_with_valid_run_id_passes PASSED [ 37%]
tests/test_health_log/test_cli.py::TestLogHealthRunAssociation::test_associate_with_invalid_run_id_exits_2 PASSED [ 40%]
tests/test_health_log/test_cli.py::TestLogHealthRunAssociation::test_associate_with_no_available_runs_shows_message PASSED [ 42%]
tests/test_health_log/test_cli.py::TestLogHealthRunAssociation::test_interactive_mode_with_runs_shows_available_runs PASSED [ 44%]
tests/test_health_log/test_cli.py::TestLogHealthRunAssociation::test_interactive_mode_selects_run PASSED [ 46%]
tests/test_health_log/test_repository.py::TestHealthLogRepositoryCreate::test_create_entry_with_all_fields PASSED [ 48%]
tests/test_health_log/test_repository.py::TestHealthLogRepositoryCreate::test_create_entry_minimal_fields PASSED [ 51%]
tests/test_health_log/test_repository.py::TestHealthLogRepositoryCreate::test_create_entry_defaults_to_today PASSED [ 53%]
tests/test_health_log/test_repository.py::TestHealthLogRepositoryCreate::test_create_entry_optional_fields_can_be_none PASSED [ 55%]
tests/test_health_log/test_repository.py::TestHealthLogRepositoryCreate::test_create_entry_audit_log_created PASSED [ 57%]
tests/test_health_log/test_repository.py::TestHealthLogRepositoryRead::test_get_entry_exists PASSED [ 60%]
tests/test_health_log/test_repository.py::TestHealthLogRepositoryRead::test_get_entry_not_exists PASSED [ 62%]
tests/test_health_log/test_repository.py::TestHealthLogRepositoryRead::test_get_entries_returns_all PASSED [ 64%]
tests/test_health_log/test_repository.py::TestHealthLogRepositoryRead::test_get_entries_respects_limit PASSED [ 66%]
tests/test_health_log/test_repository.py::TestHealthLogRepositoryRead::test_get_entries_ordered_by_date_desc PASSED [ 68%]
tests/test_health_log/test_repository.py::TestHealthLogRepositoryUpdate::test_update_entry_single_field PASSED [ 71%]
tests/test_health_log/test_repository.py::TestHealthLogRepositoryUpdate::test_update_entry_multiple_fields PASSED [ 73%]
tests/test_health_log/test_repository.py::TestHealthLogRepositoryUpdate::test_update_entry_not_exists PASSED [ 75%]
tests/test_health_log/test_repository.py::TestHealthLogRepositoryUpdate::test_update_entry_audit_log_created PASSED [ 77%]
tests/test_health_log/test_repository.py::TestHealthLogRepositoryDelete::test_delete_entry_exists PASSED [ 80%]
tests/test_health_log/test_repository.py::TestHealthLogRepositoryDelete::test_delete_entry_not_exists PASSED [ 82%]
tests/test_health_log/test_repository.py::TestHealthLogRepositoryDelete::test_delete_entry_audit_log_created PASSED [ 84%]
tests/test_health_log/test_repository.py::TestHealthLogRepositoryLinkToRun::test_link_to_run_success PASSED [ 86%]
tests/test_health_log/test_repository.py::TestHealthLogRepositoryLinkToRun::test_link_to_run_invalid_entry PASSED [ 88%]
tests/test_health_log/test_repository.py::TestHealthLogRepositoryLinkToRun::test_link_to_run_invalid_run PASSED [ 91%]
tests/test_health_log/test_repository.py::TestHealthLogRepositoryEdgeCases::test_create_entry_with_run_id PASSED [ 93%]
tests/test_health_log/test_repository.py::TestHealthLogRepositoryEdgeCases::test_update_notes_field PASSED [ 95%]
tests/test_health_log/test_repository.py::TestHealthLogRepositoryEdgeCases::test_update_saba_use_field PASSED [ 97%]
tests/test_health_log/test_repository.py::TestHealthLogRepositoryEdgeCases::test_get_entries_limit_invalid_uses_default PASSED [100%]

============================== 45 passed in 0.25s ==============================
