============================= test session starts ==============================
platform linux -- Python 3.13.12, pytest-8.3.5, pluggy-1.5.0 -- /home/lpintos/miniconda3/bin/python3
cachedir: .pytest_cache
rootdir: /home/lpintos/.gsd/projects/e51dd9a6b959/worktrees/M001
configfile: pyproject.toml
plugins: anyio-4.10.0, langsmith-0.8.5, respx-0.23.1, cov-7.1.0
collecting ... collected 40 items

tests/test_health_log/test_cli.py::TestLogHealthInteractiveMode::test_interactive_mode_detected_when_no_args_provided PASSED [  2%]
tests/test_health_log/test_cli.py::TestLogHealthInteractiveMode::test_non_interactive_mode_with_args PASSED [  5%]
tests/test_health_log/test_cli.py::TestLogHealthInteractiveMode::test_interactive_mode_partial_args PASSED [  7%]
tests/test_health_log/test_cli.py::TestLogHealthNonInteractiveMode::test_log_health_with_all_args PASSED [ 10%]
tests/test_health_log/test_cli.py::TestLogHealthNonInteractiveMode::test_log_health_with_minimal_args PASSED [ 12%]
tests/test_health_log/test_cli.py::TestLogHealthInputValidation::test_invalid_date_format_exits_2 PASSED [ 15%]
tests/test_health_log/test_cli.py::TestLogHealthInputValidation::test_date_format_yyyy_mm_dd PASSED [ 17%]
tests/test_health_log/test_cli.py::TestLogHealthInputValidation::test_sleep_quality_validation_range PASSED [ 20%]
tests/test_health_log/test_cli.py::TestLogHealthInputValidation::test_sleep_quality_max_validation PASSED [ 22%]
tests/test_health_log/test_cli.py::TestLogHealthInputValidation::test_post_run_rpe_validation_range PASSED [ 25%]
tests/test_health_log/test_cli.py::TestLogHealthInputValidation::test_asthma_symptoms_validation_range PASSED [ 27%]
tests/test_health_log/test_cli.py::TestLogHealthEdgeCases::test_optional_fields_can_be_none PASSED [ 30%]
tests/test_health_log/test_cli.py::TestLogHealthEdgeCases::test_saba_use_boolean_flag PASSED [ 32%]
tests/test_health_log/test_cli.py::TestLogHealthEdgeCases::test_verbose_mode_shows_values PASSED [ 35%]
tests/test_health_log/test_cli.py::TestLogHealthEdgeCases::test_notes_optional_field PASSED [ 37%]
tests/test_health_log/test_cli.py::TestLogHealthErrorHandling::test_database_failure_exits_1 PASSED [ 40%]
tests/test_health_log/test_repository.py::TestHealthLogRepositoryCreate::test_create_entry_with_all_fields PASSED [ 42%]
tests/test_health_log/test_repository.py::TestHealthLogRepositoryCreate::test_create_entry_minimal_fields PASSED [ 45%]
tests/test_health_log/test_repository.py::TestHealthLogRepositoryCreate::test_create_entry_defaults_to_today PASSED [ 47%]
tests/test_health_log/test_repository.py::TestHealthLogRepositoryCreate::test_create_entry_optional_fields_can_be_none PASSED [ 50%]
tests/test_health_log/test_repository.py::TestHealthLogRepositoryCreate::test_create_entry_audit_log_created PASSED [ 52%]
tests/test_health_log/test_repository.py::TestHealthLogRepositoryRead::test_get_entry_exists PASSED [ 55%]
tests/test_health_log/test_repository.py::TestHealthLogRepositoryRead::test_get_entry_not_exists PASSED [ 57%]
tests/test_health_log/test_repository.py::TestHealthLogRepositoryRead::test_get_entries_returns_all PASSED [ 60%]
tests/test_health_log/test_repository.py::TestHealthLogRepositoryRead::test_get_entries_respects_limit PASSED [ 62%]
tests/test_health_log/test_repository.py::TestHealthLogRepositoryRead::test_get_entries_ordered_by_date_desc PASSED [ 65%]
tests/test_health_log/test_repository.py::TestHealthLogRepositoryUpdate::test_update_entry_single_field PASSED [ 67%]
tests/test_health_log/test_repository.py::TestHealthLogRepositoryUpdate::test_update_entry_multiple_fields PASSED [ 70%]
tests/test_health_log/test_repository.py::TestHealthLogRepositoryUpdate::test_update_entry_not_exists PASSED [ 72%]
tests/test_health_log/test_repository.py::TestHealthLogRepositoryUpdate::test_update_entry_audit_log_created PASSED [ 75%]
tests/test_health_log/test_repository.py::TestHealthLogRepositoryDelete::test_delete_entry_exists PASSED [ 77%]
tests/test_health_log/test_repository.py::TestHealthLogRepositoryDelete::test_delete_entry_not_exists PASSED [ 80%]
tests/test_health_log/test_repository.py::TestHealthLogRepositoryDelete::test_delete_entry_audit_log_created PASSED [ 82%]
tests/test_health_log/test_repository.py::TestHealthLogRepositoryLinkToRun::test_link_to_run_success PASSED [ 85%]
tests/test_health_log/test_repository.py::TestHealthLogRepositoryLinkToRun::test_link_to_run_invalid_entry PASSED [ 87%]
tests/test_health_log/test_repository.py::TestHealthLogRepositoryLinkToRun::test_link_to_run_invalid_run PASSED [ 90%]
tests/test_health_log/test_repository.py::TestHealthLogRepositoryEdgeCases::test_create_entry_with_run_id PASSED [ 92%]
tests/test_health_log/test_repository.py::TestHealthLogRepositoryEdgeCases::test_update_notes_field PASSED [ 95%]
tests/test_health_log/test_repository.py::TestHealthLogRepositoryEdgeCases::test_update_saba_use_field PASSED [ 97%]
tests/test_health_log/test_repository.py::TestHealthLogRepositoryEdgeCases::test_get_entries_limit_invalid_uses_default PASSED [100%]

============================== 40 passed in 0.23s ==============================
