169:def log_health(
191:        None, "--associate-run", help="Associate this health entry with a run ID"
197:    """Log a health entry with asthma symptoms, peak flow, and rescue inhaler use.
200:        run-intelligence log-health --date 2026-05-21 --peak-flow 450 --asthma-symptoms 2
201:        run-intelligence log-health --post-run-rpe 7 --sleep-quality 3 --verbose
217:    # Check if we're in interactive mode (no health fields provided via CLI)
218:    # If no health-related arguments are provided, prompt interactively for each field
288:            associate_prompt = typer.confirm("\nAssociate this health entry with a run?", default=False)
335:            health_repo = HealthLogRepository(
350:            entry = health_repo.create_entry(
415:    Produces a summary of runs, health logs, and wellness trends.
456:            health_repo = HealthLogRepository(
478:                sys.stdout.write("[REPORT] Fetching health logs...\n")
480:            health_entries = health_repo.get_entries(limit=1000)
481:            if len(health_entries) == 1000 and verbose:
483:                    "[REPORT] Warning: health log query capped at 1000 results.\n"
485:            health_in_range = [h for h in health_entries if start <= h.date <= end]
489:                    f"[REPORT] Found {len(health_in_range)} health entries in date range\n"
518:            lines.append(f"- Total health entries in period: {len(health_in_range)}")
519:            if health_in_range:
521:                    h.peak_flow for h in health_in_range if h.peak_flow is not None
526:                saba_count = sum(1 for h in health_in_range if h.saba_use)
532:            if health_in_range and any(
533:                h.asthma_symptoms and h.asthma_symptoms > 3 for h in health_in_range
577:    Warning: This deletes ALL runs, health logs, profiles, conversation history,
591:            "Warning: This will delete ALL your data (runs, health logs, profiles, history).\n"
606:                conn.execute(text("DELETE FROM health_log"))
