============================= test session starts ==============================
platform linux -- Python 3.13.12, pytest-8.3.5, pluggy-1.5.0 -- /home/lpintos/miniconda3/bin/python3
cachedir: .pytest_cache
rootdir: /home/lpintos/.gsd/projects/e51dd9a6b959/worktrees/M001
configfile: pyproject.toml
plugins: anyio-4.10.0, langsmith-0.8.5, respx-0.23.1, cov-7.1.0
collecting ... collected 21 items / 15 deselected / 6 selected

tests/test_health_log/test_cli.py::TestLogHealthInputValidation::test_post_run_rpe_validation_range PASSED [ 16%]
tests/test_health_log/test_cli.py::TestLogHealthRunAssociation::test_associate_with_valid_run_id_passes PASSED [ 33%]
tests/test_health_log/test_cli.py::TestLogHealthRunAssociation::test_associate_with_invalid_run_id_exits_2 PASSED [ 50%]
tests/test_health_log/test_cli.py::TestLogHealthRunAssociation::test_associate_with_no_available_runs_shows_message PASSED [ 66%]
tests/test_health_log/test_cli.py::TestLogHealthRunAssociation::test_interactive_mode_with_runs_shows_available_runs FAILED [ 83%]
tests/test_health_log/test_cli.py::TestLogHealthRunAssociation::test_interactive_mode_selects_run FAILED [100%]

=================================== FAILURES ===================================
_ TestLogHealthRunAssociation.test_interactive_mode_with_runs_shows_available_runs _
tests/test_health_log/test_cli.py:512: in test_interactive_mode_with_runs_shows_available_runs
    assert result.exit_code == 0
E   assert 1 == 0
E    +  where 1 = <Result SystemExit(1)>.exit_code
________ TestLogHealthRunAssociation.test_interactive_mode_selects_run _________
tests/test_health_log/test_cli.py:549: in test_interactive_mode_selects_run
    assert result.exit_code == 0
E   assert 1 == 0
E    +  where 1 = <Result SystemExit(1)>.exit_code
=========================== short test summary info ============================
FAILED tests/test_health_log/test_cli.py::TestLogHealthRunAssociation::test_interactive_mode_with_runs_shows_available_runs
FAILED tests/test_health_log/test_cli.py::TestLogHealthRunAssociation::test_interactive_mode_selects_run
================== 2 failed, 4 passed, 15 deselected in 0.11s ==================
