============================= test session starts ==============================
platform linux -- Python 3.13.12, pytest-8.3.5, pluggy-1.5.0 -- /home/lpintos/miniconda3/bin/python3
cachedir: .pytest_cache
rootdir: /home/lpintos/.gsd/projects/e51dd9a6b959/worktrees/M001
configfile: pyproject.toml
plugins: anyio-4.10.0, langsmith-0.8.5, respx-0.23.1, cov-7.1.0
collecting ... collected 1 item

tests/test_health_log/test_cli.py::TestLogHealthRunAssociation::test_interactive_mode_with_runs_shows_available_runs FAILED [100%]

=================================== FAILURES ===================================
_ TestLogHealthRunAssociation.test_interactive_mode_with_runs_shows_available_runs _

self = <tests.test_health_log.test_cli.TestLogHealthRunAssociation object at 0x7f85d1de0770>
mock_run = <MagicMock name='RunRepository().get_run()' id='140212727512576'>
mock_health_entry = <MagicMock name='HealthLogRepository().create_entry()' id='140212728447392'>

    def test_interactive_mode_with_runs_shows_available_runs(self, mock_run, mock_health_entry):
        """Test interactive mode shows available runs when runs exist."""
        mock_session = MagicMock()
    
        with patch("run_intelligence.db.session._get_engine"):
            with patch("sqlalchemy.orm.sessionmaker") as mock_sessionmaker:
                mock_sessionmaker.return_value.return_value = mock_session
    
                with patch(
                    "run_intelligence.db.repository.RunRepository"
                ) as mock_run_repo_class:
                    mock_run_repo = MagicMock()
                    mock_run_repo.get_runs.return_value = [mock_run]
                    mock_run_repo.get_run.return_value = mock_run
                    mock_run_repo_class.return_value = mock_run_repo
    
                    with patch(
                        "run_intelligence.db.repository.HealthLogRepository"
                    ) as mock_health_repo_class:
                        mock_health_repo = MagicMock()
                        mock_health_repo.create_entry.return_value = mock_health_entry
                        mock_health_repo_class.return_value = mock_health_repo
    
                        from typer.testing import CliRunner
    
                        runner = CliRunner()
                        # Interactive mode - no health args, let user select run
                        result = runner.invoke(
                            app,
                            ["log-health"],
                            input="2026-05-21\n450\n3\n\n\n\nno\n",  # date, peak_flow, sleep_quality, skip others, no associate
                        )
                        # Should complete without error
>                       assert result.exit_code == 0
E                       assert 1 == 0
E                        +  where 1 = <Result SystemExit(1)>.exit_code

tests/test_health_log/test_cli.py:512: AssertionError
=========================== short test summary info ============================
FAILED tests/test_health_log/test_cli.py::TestLogHealthRunAssociation::test_interactive_mode_with_runs_shows_available_runs
============================== 1 failed in 0.07s ===============================
