============================= test session starts ==============================
platform linux -- Python 3.13.12, pytest-8.3.5, pluggy-1.5.0 -- /home/lpintos/miniconda3/bin/python3
cachedir: .pytest_cache
rootdir: /home/lpintos/.gsd/projects/e51dd9a6b959/worktrees/M001
configfile: pyproject.toml
plugins: anyio-4.10.0, langsmith-0.8.5, respx-0.23.1, cov-7.1.0
collecting ... collected 21 items

tests/test_health_log/test_cli.py::TestLogHealthInteractiveMode::test_interactive_mode_detected_when_no_args_provided PASSED [  4%]
tests/test_health_log/test_cli.py::TestLogHealthInteractiveMode::test_non_interactive_mode_with_args PASSED [  9%]
tests/test_health_log/test_cli.py::TestLogHealthInteractiveMode::test_interactive_mode_partial_args PASSED [ 14%]
tests/test_health_log/test_cli.py::TestLogHealthNonInteractiveMode::test_log_health_with_all_args PASSED [ 19%]
tests/test_health_log/test_cli.py::TestLogHealthNonInteractiveMode::test_log_health_with_minimal_args PASSED [ 23%]
tests/test_health_log/test_cli.py::TestLogHealthInputValidation::test_invalid_date_format_exits_2 PASSED [ 28%]
tests/test_health_log/test_cli.py::TestLogHealthInputValidation::test_date_format_yyyy_mm_dd PASSED [ 33%]
tests/test_health_log/test_cli.py::TestLogHealthInputValidation::test_sleep_quality_validation_range PASSED [ 38%]
tests/test_health_log/test_cli.py::TestLogHealthInputValidation::test_sleep_quality_max_validation PASSED [ 42%]
tests/test_health_log/test_cli.py::TestLogHealthInputValidation::test_post_run_rpe_validation_range PASSED [ 47%]
tests/test_health_log/test_cli.py::TestLogHealthInputValidation::test_asthma_symptoms_validation_range PASSED [ 52%]
tests/test_health_log/test_cli.py::TestLogHealthEdgeCases::test_optional_fields_can_be_none PASSED [ 57%]
tests/test_health_log/test_cli.py::TestLogHealthEdgeCases::test_saba_use_boolean_flag PASSED [ 61%]
tests/test_health_log/test_cli.py::TestLogHealthEdgeCases::test_verbose_mode_shows_values PASSED [ 66%]
tests/test_health_log/test_cli.py::TestLogHealthEdgeCases::test_notes_optional_field PASSED [ 71%]
tests/test_health_log/test_cli.py::TestLogHealthErrorHandling::test_database_failure_exits_1 PASSED [ 76%]
tests/test_health_log/test_cli.py::TestLogHealthRunAssociation::test_associate_with_valid_run_id_passes PASSED [ 80%]
tests/test_health_log/test_cli.py::TestLogHealthRunAssociation::test_associate_with_invalid_run_id_exits_2 PASSED [ 85%]
tests/test_health_log/test_cli.py::TestLogHealthRunAssociation::test_associate_with_no_available_runs_shows_message PASSED [ 90%]
tests/test_health_log/test_cli.py::TestLogHealthRunAssociation::test_interactive_mode_with_runs_shows_available_runs PASSED [ 95%]
tests/test_health_log/test_cli.py::TestLogHealthRunAssociation::test_interactive_mode_selects_run PASSED [100%]

============================== 21 passed in 0.11s ==============================
