Exit code: 1
Output: Date (YYYY-MM-DD), or press Enter for today: []: 2026-05-21
Peak flow reading (L/min), or press Enter to skip: []: 450
Sleep quality (1-5), or press Enter to skip: []: 3
Post-run RPE (1-10), or press Enter to skip: []: 
Asthma symptoms (0-5), or press Enter to skip: []: 
Rescue inhaler/SABA used? [y/n]: n
Additional notes (optional, press Enter to skip): []: 

Available runs:
ID     Date         Distance  
------------------------------
1      2026-05-21   5000.0m   

Associate this health entry with a run? [y/N]:Aborted.
 
Exception:
Traceback (most recent call last):
  File "/home/lpintos/miniconda3/lib/python3.13/site-packages/typer/core.py", line 192, in _main
    rv = self.invoke(ctx)
  File "/home/lpintos/miniconda3/lib/python3.13/site-packages/click/core.py", line 1830, in invoke
    return _process_result(sub_ctx.command.invoke(sub_ctx))
                           ~~~~~~~~~~~~~~~~~~~~~~^^^^^^^^^
  File "/home/lpintos/miniconda3/lib/python3.13/site-packages/click/core.py", line 1226, in invoke
    return ctx.invoke(self.callback, **ctx.params)
           ~~~~~~~~~~^^^^^^^^^^^^^^^^^^^^^^^^^^^^^
  File "/home/lpintos/miniconda3/lib/python3.13/site-packages/click/core.py", line 794, in invoke
    return callback(*args, **kwargs)
  File "/home/lpintos/miniconda3/lib/python3.13/site-packages/typer/main.py", line 691, in wrapper
    return callback(**use_params)
  File "/home/lpintos/proyectos/run-intelligence/.gsd/worktrees/M001/src/run_intelligence/cli.py", line 288, in log_health
    associate_prompt = typer.confirm("\nAssociate this health entry with a run?", default=False)
  File "/home/lpintos/miniconda3/lib/python3.13/site-packages/click/termui.py", line 239, in confirm
    raise Abort() from None
click.exceptions.Abort

During handling of the above exception, another exception occurred:

Traceback (most recent call last):
  File "/home/lpintos/miniconda3/lib/python3.13/site-packages/click/testing.py", line 494, in invoke
    return_value = cli.main(args=args or (), prog_name=prog_name, **extra)
  File "/home/lpintos/miniconda3/lib/python3.13/site-packages/typer/core.py", line 803, in main
    return _main(
        self,
    ...<6 lines>...
        **extra,
    )
  File "/home/lpintos/miniconda3/lib/python3.13/site-packages/typer/core.py", line 251, in _main
    sys.exit(1)
    ~~~~~~~~^^^
SystemExit: 1

