/home/lpintos/proyectos/run-intelligence/.gsd/worktrees/M001/alembic/env.py
/home/lpintos/proyectos/run-intelligence/.gsd/worktrees/M001/alembic/versions/ebb4955a971e_initial_schema.py
/home/lpintos/proyectos/run-intelligence/.gsd/worktrees/M001/scripts/parse_fit.py
/home/lpintos/proyectos/run-intelligence/.gsd/worktrees/M001/src/run_intelligence/__init__.py
/home/lpintos/proyectos/run-intelligence/.gsd/worktrees/M001/src/run_intelligence/__main__.py
/home/lpintos/proyectos/run-intelligence/.gsd/worktrees/M001/src/run_intelligence/agents/__init__.py
/home/lpintos/proyectos/run-intelligence/.gsd/worktrees/M001/src/run_intelligence/cli.py
/home/lpintos/proyectos/run-intelligence/.gsd/worktrees/M001/src/run_intelligence/config.py
/home/lpintos/proyectos/run-intelligence/.gsd/worktrees/M001/src/run_intelligence/db/__init__.py
/home/lpintos/proyectos/run-intelligence/.gsd/worktrees/M001/src/run_intelligence/db/models.py
/home/lpintos/proyectos/run-intelligence/.gsd/worktrees/M001/src/run_intelligence/db/repository.py
/home/lpintos/proyectos/run-intelligence/.gsd/worktrees/M001/src/run_intelligence/db/session.py
/home/lpintos/proyectos/run-intelligence/.gsd/worktrees/M001/src/run_intelligence/health_log/__init__.py
/home/lpintos/proyectos/run-intelligence/.gsd/worktrees/M001/src/run_intelligence/orchestrator/__init__.py
/home/lpintos/proyectos/run-intelligence/.gsd/worktrees/M001/src/run_intelligence/pipeline/__init__.py
/home/lpintos/proyectos/run-intelligence/.gsd/worktrees/M001/src/run_intelligence/pipeline/fit_parser.py
/home/lpintos/proyectos/run-intelligence/.gsd/worktrees/M001/src/run_intelligence/pipeline/metrics.py
/home/lpintos/proyectos/run-intelligence/.gsd/worktrees/M001/src/run_intelligence/pipeline/runner.py
/home/lpintos/proyectos/run-intelligence/.gsd/worktrees/M001/src/run_intelligence/pipeline/validation.py
/home/lpintos/proyectos/run-intelligence/.gsd/worktrees/M001/src/run_intelligence/profiles/__init__.py
/home/lpintos/proyectos/run-intelligence/.gsd/worktrees/M001/src/run_intelligence/reports/__init__.py
/home/lpintos/proyectos/run-intelligence/.gsd/worktrees/M001/src/run_intelligence/risk_engine/__init__.py
/home/lpintos/proyectos/run-intelligence/.gsd/worktrees/M001/tests/__init__.py
/home/lpintos/proyectos/run-intelligence/.gsd/worktrees/M001/tests/conftest.py
/home/lpintos/proyectos/run-intelligence/.gsd/worktrees/M001/tests/test_agents/__init__.py
/home/lpintos/proyectos/run-intelligence/.gsd/worktrees/M001/tests/test_cli.py
/home/lpintos/proyectos/run-intelligence/.gsd/worktrees/M001/tests/test_db/__init__.py
/home/lpintos/proyectos/run-intelligence/.gsd/worktrees/M001/tests/test_db/test_models.py
/home/lpintos/proyectos/run-intelligence/.gsd/worktrees/M001/tests/test_db/test_repository.py
/home/lpintos/proyectos/run-intelligence/.gsd/worktrees/M001/tests/test_health_log/__init__.py
